// Jest Snapshot v1, https://goo.gl/fbAQLP

exports[`Card test suite renders as expected 1`] = `
<View
  style={
    Object {
      "backgroundColor": "white",
      "borderColor": "gray",
      "borderRadius": 4,
      "borderWidth": 1,
      "flexDirection": "row",
      "height": 150,
      "margin": 20,
      "padding": 10,
    }
  }
>
  <View
    style={
      Object {
        "flex": 0.2,
        "marginLeft": 5,
      }
    }
  >
    <Image
      source={
        Object {
          "uri": "testUrl",
        }
      }
      style={
        Object {
          "flex": 1,
          "resizeMode": "contain",
        }
      }
    />
  </View>
  <View
    style={
      Object {
        "alignItems": "center",
        "flex": 1,
        "justifyContent": "center",
        "marginHorizontal": 5,
      }
    }
  >
    <Label
      ellipsizeMode="tail"
      numberOfLines={2}
      style={
        Object {
          "fontSize": 25,
          "textAlign": "center",
        }
      }
      uppercase={false}
    />
    <Label
      ellipsizeMode="tail"
      style={
        Object {
          "fontSize": 11,
        }
      }
      uppercase={false}
    />
    <PropertyLabel
      Component={[Function]}
      ellipsizeMode="tail"
      fontSize={14}
      name="First brew date"
      nameStyles={
        Object {
          "fontWeight": "400",
          "marginRight": 3,
          "textAlign": "center",
        }
      }
      numberOfLines={1}
      separator=":"
      style={
        Object {
          "marginVertical": 10,
        }
      }
      valueStyles={
        Object {
          "flexShrink": 1,
          "textAlign": "center",
        }
      }
    />
  </View>
</View>
`;
