// Jest Snapshot v1, https://goo.gl/fbAQLP

exports[`BeerList test suite renders as expected 1`] = `
<BeerListScreen
  beers={Array []}
  onMounted={[Function]}
  refreshing={false}
/>
`;
