// Jest Snapshot v1, https://goo.gl/fbAQLP

exports[`BeerList test suite renders as expected 1`] = `
<BeerDetailScreen
  navigation={
    Object {
      "getParam": [Function],
    }
  }
  onBack={[Function]}
/>
`;
