// Jest Snapshot v1, https://goo.gl/fbAQLP

exports[`FilterInput test suite renders as expected 1`] = `
<FilterInputScreen
  onFilter={[Function]}
/>
`;
