// Jest Snapshot v1, https://goo.gl/fbAQLP

exports[`Label test suite renders as expected 1`] = `
<Text
  allowFontScaling={false}
  ellipsizeMode="tail"
  style={
    Array [
      Object {},
      Object {
        "fontSize": 33,
      },
    ]
  }
>
  HO
</Text>
`;
